// Jest Snapshot v1, https://goo.gl/fbAQLP

exports[`BoxContainer renders correctly 1`] = `
<div
  className="container"
>
  <div
    className="box"
  >
    <div>
      box element
    </div>
  </div>
  <Legend />
</div>
`;
