// Jest Snapshot v1, https://goo.gl/fbAQLP

exports[`Placeholder renders correctly 1`] = `
<div
  className="container"
/>
`;
